\BOOKMARK [1][-]{section.1}{Introduction}{}% 1
\BOOKMARK [2][-]{subsection.1.1}{A summary of the most widely used item fit statistics}{section.1}% 2
\BOOKMARK [2][-]{subsection.1.2}{Conventional interpretation}{section.1}% 3
\BOOKMARK [2][-]{subsection.1.3}{Problems with the existing critical values}{section.1}% 4
\BOOKMARK [3][-]{subsubsection.1.3.1}{Using item fit statistics with known asymptotic distribution}{subsection.1.3}% 5
\BOOKMARK [2][-]{subsection.1.4}{The objective of this paper}{section.1}% 6
\BOOKMARK [1][-]{section.2}{Methods}{}% 7
\BOOKMARK [2][-]{subsection.2.1}{The dichotomous Rasch model}{section.2}% 8
\BOOKMARK [2][-]{subsection.2.2}{The polytomous Rasch model}{section.2}% 9
\BOOKMARK [2][-]{subsection.2.3}{Computing residuals}{section.2}% 10
\BOOKMARK [2][-]{subsection.2.4}{Item fit statistics}{section.2}% 11
\BOOKMARK [3][-]{subsubsection.2.4.1}{Item fit statistics based on individual level residuals: INFIT, OUTFIT and FitResid}{subsection.2.4}% 12
\BOOKMARK [3][-]{subsubsection.2.4.2}{Item fit statistics based on grouped residuals: the item 2 and F-test fit statistics}{subsection.2.4}% 13
\BOOKMARK [3][-]{subsubsection.2.4.3}{Summary}{subsection.2.4}% 14
\BOOKMARK [1][-]{section.3}{Example I: AMTS data}{}% 15
\BOOKMARK [1][-]{section.4}{Example I: Knox cube test data}{}% 16
\BOOKMARK [1][-]{section.5}{Example II: Parametric bootstrapping illustration}{}% 17
\BOOKMARK [2][-]{subsection.5.1}{Results}{section.5}% 18
\BOOKMARK [1][-]{section.6}{Example III: Simulation study}{}% 19
\BOOKMARK [1][-]{section.7}{Discussion}{}% 20
\BOOKMARK [2][-]{subsection.7.1}{Tabulating critical values}{section.7}% 21
\BOOKMARK [2][-]{subsection.7.2}{Bootstrap approaches}{section.7}% 22
\BOOKMARK [2][-]{subsection.7.3}{Implementing statistically sound fit statistics}{section.7}% 23
\BOOKMARK [1][-]{section*.3}{References}{}% 24
