1                                                          The SAS System                             13:21 Friday, January 18, 2019

NOTE: Copyright (c) 2002-2012 by SAS Institute Inc., Cary, NC, USA. 
NOTE: SAS (r) Proprietary Software 9.4 (TS1M3) 
      Licensed to CAMPUS - KBH. UNI. - LINUX, Site 50803698.
NOTE: This session is executing on the Linux 3.10.0-862.3.3.el7.x86_64 (LIN X64) platform.



NOTE: Updated analytical products:
      
      SAS/STAT 14.1
      SAS/ETS 14.1
      SAS/OR 14.1
      SAS/IML 14.1
      SAS/QC 14.1

NOTE: Additional host information:

 Linux LIN X64 3.10.0-862.3.3.el7.x86_64 #1 SMP Wed Jun 13 05:44:23 EDT 2018 x86_64 Red Hat Enterprise Linux Server release 7.6 
      (Maipo) 

You are running SAS 9. Some SAS 8 files will be automatically converted 
by the V9 engine; others are incompatible.  Please see 
http://support.sas.com/rnd/migration/planning/platform/64bit.html

PROC MIGRATE will preserve current SAS file attributes and is 
recommended for converting all your SAS libraries from any 
SAS 8 release to SAS 9.  For details and examples, please see
http://support.sas.com/rnd/migration/index.html


This message is contained in the SAS news file, and is presented upon
initialization.  Edit the file "news" in the "misc/base" directory to
display site-specific news and information in the program log.
The command line option "-nonews" will prevent this display.




NOTE: SAS initialization used:
      real time           1.97 seconds
      cpu time            0.02 seconds
      
1          libname FIT '/home/ifsv/pzs913/FIT';
NOTE: Libref FIT was successfully assigned as follows: 
      Engine:        V9 
      Physical Name: /home/ifsv/pzs913/FIT
2          filename r url 'https://raw.githubusercontent.com/KarlBangChristensen/Rasch/master/rasch_include_all.sas';
3          %include r;
3415       * Knox cube test data (N=35, I=18);
3416       data FIT.knox;
3417       input name $ 1-7 gender $ i1-i18;
3418       datalines;

NOTE: The data set FIT.KNOX has 35 observations and 20 variables.
NOTE: DATA statement used (Total process time):
      real time           0.05 seconds
      cpu time            0.01 seconds
      
2                                                          The SAS System                             13:21 Friday, January 18, 2019


3454       ;
3455       run;
3456       data FIT.knox_in;
3457       input item_no item_name $ item_text $ max group;
3458       datalines;

NOTE: The data set FIT.KNOX_IN has 14 observations and 5 variables.
NOTE: DATA statement used (Total process time):
      real time           0.03 seconds
      cpu time            0.00 seconds
      

3473       ;
3474       run;
3475       %rasch_data(data=FIT.knox,
3476                   item_names=FIT.knox_in);



------------------------------------------------------------------------------------------------

clean-up deleting 25 temporary data sets
3477       %rasch_CML( data=FIT.knox,
3478                  	item_names=FIT.knox_in,
3479       			out=FIT.CML);
clean-up deleting 181 temporary data sets
3480       %rasch_ppar(DATA=FIT.knox,
3481       			ITEM_NAMES=FIT.knox_in,
3482       			DATA_IPAR=FIT.CML_ipar,
3483       			out=FIT.pp_cml);
clean-up deleting 374 temporary data sets

NOTE: SAS Institute Inc., SAS Campus Drive, Cary, NC USA 27513-2414
